1785946140.200741
1785946158.082223
1785946185.039588
1785946212.566637
1785946230.340279
1785946247.322227
1785946265.034381
1785946282.049738
1785946299.849877
1785946327.593645
1785946355.342709
1785946372.247019
1785946389.885622
1785946406.817103
1785946424.470912
1785946441.559851
1785946469.347623
1785946496.913885
1785946513.835048
1785946531.304476
1785946548.020149
1785946565.556328
1785946583.299804
1785946610.345085
1785946638.070167
1785946655.761055
1785946677.344714
1785946695.309333
1785946712.472691
1785946730.130016
1785946757.880621
1785946785.819493
1785946802.758391
1785946820.536584
1785946837.32167
1785946855.111489
1785946872.0132
1785946899.715881
1785946927.520288
1785946945.31179
